[36mvite v8.0.8 [32mbuilding client environment for production...[36m[39m
node.exe : [33mWarning: Invalid output options (1 issue found)
At line:1 char:1
+ & "C:\Program Files\nodejs/node.exe" "C:\Program Files\nodejs/node_mo ...
+ ~~~~~~~~~~~~~~~~~~~~~~~~~~~~~~~~~~~~~~~~~~~~~~~~~~~~~~~~~~~~~~~~~~~~~
    + CategoryInfo          : NotSpecified: ([33mWarning: I...(1 issue found):String) [], RemoteException
    + FullyQualifiedErrorId : NativeCommandError
 
- For the "manualChunks". Invalid type: Expected Function but received Object. [0m
[2K
transforming...Ô£ô 1860 modules transformed.
[31mÔ£ù[39m Build failed in 692ms
[31merror during build:
[31mBuild failed with 3 errors:

[31m[UNRESOLVED_IMPORT] Error:[0m Could not resolve '../services/firebase' in src/pages/admin/AdminLogin.jsx
   [38;5;246mÔò¡[0m[38;5;246mÔöÇ[0m[38;5;246m[[0m src/pages/admin/AdminLogin.jsx:4:22 [38;5;246m][0m
   [38;5;246mÔöé[0m
 [38;5;246m4 Ôöé[0m 
[38;5;249mi[0m[38;5;249mm[0m[38;5;249mp[0m[38;5;249mo[0m[38;5;249mr[0m[38;5;249mt[0m[38;5;249m 
[0m[38;5;249m{[0m[38;5;249m [0m[38;5;249ma[0m[38;5;249mu[0m[38;5;249mt[0m[38;5;249mh[0m[38;5;249m 
[0m[38;5;249m}[0m[38;5;249m [0m[38;5;249mf[0m[38;5;249mr[0m[38;5;249mo[0m[38;5;249mm[0m[38;5;249m 
[0m"../services/firebase"[38;5;249m;[0m
 [38;5;240m  Ôöé[0m                      ÔöÇÔöÇÔöÇÔöÇÔöÇÔöÇÔöÇÔöÇÔöÇÔöÇÔöÇÔö¼ÔöÇÔöÇÔöÇÔöÇÔöÇÔöÇÔöÇÔöÇÔöÇÔöÇ  
 [38;5;240m  Ôöé[0m                                 Ôò░ÔöÇÔöÇÔöÇÔöÇÔöÇÔöÇÔöÇÔöÇÔöÇÔöÇÔöÇÔöÇ Module not found.
 [38;5;240m  Ôöé[0m 
 [38;5;240m  Ôöé[0m [38;5;115mHelp[0m: 'src/pages/admin/AdminLogin.jsx' is imported by the following path:
 [38;5;240m  Ôöé[0m         - src/pages/admin/AdminLogin.jsx
 [38;5;240m  Ôöé[0m         - src/App.jsx
 [38;5;240m  Ôöé[0m         - src/main.jsx
 [38;5;240m  Ôöé[0m         - index.html
[38;5;246mÔöÇÔöÇÔöÇÔò»[0m

[31m[UNRESOLVED_IMPORT] Error:[0m Could not resolve '../components/SEOHead' in src/pages/admin/AdminLogin.jsx
   [38;5;246mÔò¡[0m[38;5;246mÔöÇ[0m[38;5;246m[[0m src/pages/admin/AdminLogin.jsx:6:21 [38;5;246m][0m
   [38;5;246mÔöé[0m
 [38;5;246m6 Ôöé[0m 
[38;5;249mi[0m[38;5;249mm[0m[38;5;249mp[0m[38;5;249mo[0m[38;5;249mr[0m[38;5;249mt[0m[38;5;249m [0m[38;5;
249mS[0m[38;5;249mE[0m[38;5;249mO[0m[38;5;249mH[0m[38;5;249me[0m[38;5;249ma[0m[38;5;249md[0m[38;5;249m 
[0m[38;5;249mf[0m[38;5;249mr[0m[38;5;249mo[0m[38;5;249mm[0m[38;5;249m 
[0m"../components/SEOHead"[38;5;249m;[0m
 [38;5;240m  Ôöé[0m                     ÔöÇÔöÇÔöÇÔöÇÔöÇÔöÇÔöÇÔöÇÔöÇÔöÇÔöÇÔö¼ÔöÇÔöÇÔöÇÔöÇÔöÇÔöÇÔöÇÔöÇÔöÇÔöÇÔöÇ  
 [38;5;240m  Ôöé[0m                                Ôò░ÔöÇÔöÇÔöÇÔöÇÔöÇÔöÇÔöÇÔöÇÔöÇÔöÇÔöÇÔöÇÔöÇ Module not found.
 [38;5;240m  Ôöé[0m 
 [38;5;240m  Ôöé[0m [38;5;115mHelp[0m: 'src/pages/admin/AdminLogin.jsx' is imported by the following path:
 [38;5;240m  Ôöé[0m         - src/pages/admin/AdminLogin.jsx
 [38;5;240m  Ôöé[0m         - src/App.jsx
 [38;5;240m  Ôöé[0m         - src/main.jsx
 [38;5;240m  Ôöé[0m         - index.html
[38;5;246mÔöÇÔöÇÔöÇÔò»[0m

[31m[UNRESOLVED_IMPORT] Error:[0m Could not resolve './AdminPages.css' in src/pages/admin/AdminLogin.jsx
   [38;5;246mÔò¡[0m[38;5;246mÔöÇ[0m[38;5;246m[[0m src/pages/admin/AdminLogin.jsx:7:8 [38;5;246m][0m
   [38;5;246mÔöé[0m
 [38;5;246m7 Ôöé[0m 
[38;5;249mi[0m[38;5;249mm[0m[38;5;249mp[0m[38;5;249mo[0m[38;5;249mr[0m[38;5;249mt[0m[38;5;249m 
[0m"./AdminPages.css"[38;5;249m;[0m
 [38;5;240m  Ôöé[0m        ÔöÇÔöÇÔöÇÔöÇÔöÇÔöÇÔöÇÔöÇÔöÇÔö¼ÔöÇÔöÇÔöÇÔöÇÔöÇÔöÇÔöÇÔöÇ  
 [38;5;240m  Ôöé[0m                 Ôò░ÔöÇÔöÇÔöÇÔöÇÔöÇÔöÇÔöÇÔöÇÔöÇÔöÇ Module not found.
 [38;5;240m  Ôöé[0m 
 [38;5;240m  Ôöé[0m [38;5;115mHelp[0m: 'src/pages/admin/AdminLogin.jsx' is imported by the following path:
 [38;5;240m  Ôöé[0m         - src/pages/admin/AdminLogin.jsx
 [38;5;240m  Ôöé[0m         - src/App.jsx
 [38;5;240m  Ôöé[0m         - src/main.jsx
 [38;5;240m  Ôöé[0m         - index.html
[38;5;246mÔöÇÔöÇÔöÇÔò»[0m
[31m
    at aggregateBindingErrorsIntoJsError 
(file:///C:/Users/Admin/Downloads/wish%20studio/node_modules/rolldown/dist/shared/error-w0u7biK-.mjs:48:18)
    at unwrapBindingResult 
(file:///C:/Users/Admin/Downloads/wish%20studio/node_modules/rolldown/dist/shared/error-w0u7biK-.mjs:18:128)
    at #build 
(file:///C:/Users/Admin/Downloads/wish%20studio/node_modules/rolldown/dist/shared/rolldown-build-DtGk-m96.mjs:3313:34)
    at async buildEnvironment 
(file:///C:/Users/Admin/Downloads/wish%20studio/node_modules/vite/dist/node/chunks/node.js:32954:64)
    at async Object.build 
(file:///C:/Users/Admin/Downloads/wish%20studio/node_modules/vite/dist/node/chunks/node.js:33376:19)
    at async Object.buildApp 
(file:///C:/Users/Admin/Downloads/wish%20studio/node_modules/vite/dist/node/chunks/node.js:33373:153)
    at async CAC.<anonymous> (file:///C:/Users/Admin/Downloads/wish%20studio/node_modules/vite/dist/node/cli.js:778:3) 
{
  errors: [Getter/Setter]
}[39m
